// Jest Snapshot v1, https://goo.gl/fbAQLP

exports[`Webpack tree-shaking works 1`] = `"!function(){\\"use strict\\";var t,e,n,a={functional:!0,props:{icon:{type:Object,required:!0,validator:function(t){return t.attrs instanceof Function&&t.path instanceof Function}},scale:{type:Number,default:1},className:{type:String,default:null},label:{type:String,default:null}},render:function(t,e){var n=e.props,a=n.icon,r={scale:n.scale,class:n.className,label:n.label};return t(\\"svg\\",{attrs:a.attrs(r)},[t(\\"path\\",{attrs:a.path()})])}},r=function(t){for(var e=[],n=arguments.length-1;n-- >0;)e[n]=arguments[n+1];for(var a=function(n,a,i){n=e[a],Object.keys(n).forEach((function(e){\\"__proto__\\"!==e&&(t[e]=n[e])})),r=n},r=void 0,i=0,l=e.length;i<l;i++)a(r,i);return t},i=(t={\\"fill-rule\\":\\"evenodd\\",d:\\"M8.893 1.5c-.183-.31-.52-.5-.887-.5s-.703.19-.886.5L.138 13.499a.98.98 0 0 0 0 1.001c.193.31.53.501.886.501h13.964c.367 0 .704-.19.877-.5a1.03 1.03 0 0 0 .01-1.002L8.893 1.5zm.133 11.497H6.987v-2.003h2.039v2.003zm0-3.004H6.987V5.987h2.039v4.006z\\"},e=[\\"warning\\",\\"triangle\\",\\"exclamation\\",\\"point\\"],n=function(t){return Object.keys(t).map((function(e){return e+'=\\"'+t[e]+'\\"'})).join(\\" \\").trim()},{name:\\"alert\\",path:function(e){void 0===e&&(e=!1);var n=r({},t);if(!e)return n;var a={};return Object.keys(n).forEach((function(t){var e;a[(e=t,e.toLowerCase().replace(/[^a-zA-Z0-9]+(.)/g,(function(t,e){return e.toUpperCase()})))]=n[t]})),a},keywords:function(){return e},attrs:function(t){return function(t,e){e.label?t[\\"aria-label\\"]=e.label:t[\\"aria-hidden\\"]=!0,e.class?t.class=\\"octicon octicon-alert \\"+e.class:t.class=\\"octicon octicon-alert\\";var n=0===e.scale?0:parseFloat(e.scale)||1,a=n*parseInt(t.width),r=n*parseInt(t.height);return t.width=Number(a.toFixed(2)),t.height=Number(r.toFixed(2)),t}({version:\\"1.1\\",width:16,height:16,viewBox:\\"0 0 16 16\\"},r({scale:1,label:null,class:null},t||{}))},html:function(t){return\\"<svg \\"+n(this.attrs(t))+\\"><path \\"+n(this.path())+\\"/></svg>\\"}});!function(t,e){void 0===e&&(e={});var n=e.insertAt;if(\\"undefined\\"!=typeof document){var a=document.head||document.getElementsByTagName(\\"head\\")[0],r=document.createElement(\\"style\\");r.type=\\"text/css\\",\\"top\\"===n&&a.firstChild?a.insertBefore(r,a.firstChild):a.appendChild(r),r.styleSheet?r.styleSheet.cssText=t:r.appendChild(document.createTextNode(t))}}(\\".octicon{display:inline-block;vertical-align:text-top;fill:currentColor}\\"),console.log(a,i.html())}();"`;
