// Jest Snapshot v1, https://goo.gl/fbAQLP

exports[`octicon Octicon: name .html(options) return an SVG with invalid options 1`] = `"<svg version=\\"1.1\\" width=\\"16\\" height=\\"16\\" viewBox=\\"0 0 16 16\\" aria-hidden=\\"true\\" class=\\"octicon octicon-name\\"><path /></svg>"`;

exports[`octicon Octicon: name .html(options) returns an SVG which scales 1`] = `"<svg version=\\"1.1\\" width=\\"32\\" height=\\"32\\" viewBox=\\"0 0 16 16\\" aria-hidden=\\"true\\" class=\\"octicon octicon-name\\"><path /></svg>"`;

exports[`octicon Octicon: name .html(options) returns an SVG which scales with 0 1`] = `"<svg version=\\"1.1\\" width=\\"0\\" height=\\"0\\" viewBox=\\"0 0 16 16\\" aria-hidden=\\"true\\" class=\\"octicon octicon-name\\"><path /></svg>"`;

exports[`octicon Octicon: name .html(options) returns an SVG which scales with a fractional value 1`] = `"<svg version=\\"1.1\\" width=\\"19.75\\" height=\\"19.75\\" viewBox=\\"0 0 16 16\\" aria-hidden=\\"true\\" class=\\"octicon octicon-name\\"><path /></svg>"`;

exports[`octicon Octicon: name .html(options) returns an SVG which scales with invalid parameters 1`] = `"<svg version=\\"1.1\\" width=\\"16\\" height=\\"16\\" viewBox=\\"0 0 16 16\\" aria-hidden=\\"true\\" class=\\"octicon octicon-name\\"><path /></svg>"`;

exports[`octicon Octicon: name .html(options) returns an SVG with a label 1`] = `"<svg version=\\"1.1\\" width=\\"16\\" height=\\"16\\" viewBox=\\"0 0 16 16\\" aria-label=\\"a label\\" class=\\"octicon octicon-name\\"><path /></svg>"`;

exports[`octicon Octicon: name .html(options) returns an SVG with an additional class 1`] = `"<svg version=\\"1.1\\" width=\\"16\\" height=\\"16\\" viewBox=\\"0 0 16 16\\" aria-hidden=\\"true\\" class=\\"octicon octicon-name an-additional-class\\"><path /></svg>"`;

exports[`octicon Octicon: name .html(options) returns an SVG with an invalid class 1`] = `"<svg version=\\"1.1\\" width=\\"16\\" height=\\"16\\" viewBox=\\"0 0 16 16\\" aria-hidden=\\"true\\" class=\\"octicon octicon-name\\"><path /></svg>"`;

exports[`octicon Octicon: name .html(options) returns an SVG without any options 1`] = `"<svg version=\\"1.1\\" width=\\"16\\" height=\\"16\\" viewBox=\\"0 0 16 16\\" aria-hidden=\\"true\\" class=\\"octicon octicon-name\\"><path /></svg>"`;

exports[`octicon Octicon: name .keywords() returns keywords 1`] = `undefined`;

exports[`octicon Octicon: name .path(camel) returns camel-case path 1`] = `Object {}`;

exports[`octicon Octicon: name .path(camel) returns path 1`] = `Object {}`;
